// Jest Snapshot v1, https://goo.gl/fbAQLP

exports[`TICKET GATE SCREEN should be able to render screen 1`] = `
<div>
  <div
    class="mt-4 w-50 container-fluid"
  >
    <div
      class="card"
    >
      <h3
        class="card-header"
      >
        Insira suas credenciais
      </h3>
      <div
        class="px-4 card-body"
      >
        <form
          class=""
        >
          <div
            class="mb-3 input-group"
          >
            <input
              class="form-control"
              name="id"
              placeholder="Inserir número do crachá"
              value=""
            />
            <button
              class="btn btn-outline-warning btn-lg"
              type="submit"
            >
              Entrar
            </button>
          </div>
        </form>
      </div>
    </div>
  </div>
</div>
`;
